---
source: crates/lsp/tests/format_document.rs
expression: formatted
---
1
2 + 2
3 + 3 + 3
